2026-05-10 06:43:36,706 - ERROR - حدث خطأ غير متوقع: 404 Not Found: The requested URL was not found on the server. If you entered the URL manually please check your spelling and try again.
Traceback (most recent call last):
  File "C:\Users\admin\Desktop\wanasah\wanasah_backend\venv\Lib\site-packages\flask\app.py", line 917, in full_dispatch_request
    rv = self.dispatch_request()
  File "C:\Users\admin\Desktop\wanasah\wanasah_backend\venv\Lib\site-packages\flask\app.py", line 902, in dispatch_request
    return self.ensure_sync(self.view_functions[rule.endpoint])(**view_args)  # type: ignore[no-any-return]
           ~~~~~~~~~~~~~~~~~~~~~~~~~~~~~~~~~~~~~~~~~~~~~~~~~~~~^^^^^^^^^^^^^
  File "C:\Users\admin\Desktop\wanasah\wanasah_backend\routes.py", line 116, in decorated_function
    return f(*args, **kwargs)
  File "C:\Users\admin\Desktop\wanasah\wanasah_backend\routes.py", line 496, in update_visit
    ).with_for_update().filter_by(id=visit_id).first_or_404()
                                               ~~~~~~~~~~~~^^
  File "C:\Users\admin\Desktop\wanasah\wanasah_backend\venv\Lib\site-packages\flask_sqlalchemy\query.py", line 46, in first_or_404
    abort(404, description=description)
    ~~~~~^^^^^^^^^^^^^^^^^^^^^^^^^^^^^^
  File "C:\Users\admin\Desktop\wanasah\wanasah_backend\venv\Lib\site-packages\flask\helpers.py", line 291, in abort
    current_app.aborter(code, *args, **kwargs)
    ~~~~~~~~~~~~~~~~~~~^^^^^^^^^^^^^^^^^^^^^^^
  File "C:\Users\admin\Desktop\wanasah\wanasah_backend\venv\Lib\site-packages\werkzeug\exceptions.py", line 887, in __call__
    raise self.mapping[code](*args, **kwargs)
werkzeug.exceptions.NotFound: 404 Not Found: The requested URL was not found on the server. If you entered the URL manually please check your spelling and try again.

C:\Users\admin\Desktop\wanasah\wanasah_backend\app.py:49
2026-05-10 06:45:52,496 - ERROR - حدث خطأ غير متوقع: 404 Not Found: The requested URL was not found on the server. If you entered the URL manually please check your spelling and try again.
Traceback (most recent call last):
  File "C:\Users\admin\Desktop\wanasah\wanasah_backend\venv\Lib\site-packages\flask\app.py", line 917, in full_dispatch_request
    rv = self.dispatch_request()
  File "C:\Users\admin\Desktop\wanasah\wanasah_backend\venv\Lib\site-packages\flask\app.py", line 902, in dispatch_request
    return self.ensure_sync(self.view_functions[rule.endpoint])(**view_args)  # type: ignore[no-any-return]
           ~~~~~~~~~~~~~~~~~~~~~~~~~~~~~~~~~~~~~~~~~~~~~~~~~~~~^^^^^^^^^^^^^
  File "C:\Users\admin\Desktop\wanasah\wanasah_backend\routes.py", line 116, in decorated_function
    return f(*args, **kwargs)
  File "C:\Users\admin\Desktop\wanasah\wanasah_backend\routes.py", line 496, in update_visit
    ).with_for_update().filter_by(id=visit_id).first_or_404()
                                               ~~~~~~~~~~~~^^
  File "C:\Users\admin\Desktop\wanasah\wanasah_backend\venv\Lib\site-packages\flask_sqlalchemy\query.py", line 46, in first_or_404
    abort(404, description=description)
    ~~~~~^^^^^^^^^^^^^^^^^^^^^^^^^^^^^^
  File "C:\Users\admin\Desktop\wanasah\wanasah_backend\venv\Lib\site-packages\flask\helpers.py", line 291, in abort
    current_app.aborter(code, *args, **kwargs)
    ~~~~~~~~~~~~~~~~~~~^^^^^^^^^^^^^^^^^^^^^^^
  File "C:\Users\admin\Desktop\wanasah\wanasah_backend\venv\Lib\site-packages\werkzeug\exceptions.py", line 887, in __call__
    raise self.mapping[code](*args, **kwargs)
werkzeug.exceptions.NotFound: 404 Not Found: The requested URL was not found on the server. If you entered the URL manually please check your spelling and try again.

C:\Users\admin\Desktop\wanasah\wanasah_backend\app.py:49
2026-05-10 06:45:56,712 - ERROR - حدث خطأ غير متوقع: 404 Not Found: The requested URL was not found on the server. If you entered the URL manually please check your spelling and try again.
Traceback (most recent call last):
  File "C:\Users\admin\Desktop\wanasah\wanasah_backend\venv\Lib\site-packages\flask\app.py", line 917, in full_dispatch_request
    rv = self.dispatch_request()
  File "C:\Users\admin\Desktop\wanasah\wanasah_backend\venv\Lib\site-packages\flask\app.py", line 902, in dispatch_request
    return self.ensure_sync(self.view_functions[rule.endpoint])(**view_args)  # type: ignore[no-any-return]
           ~~~~~~~~~~~~~~~~~~~~~~~~~~~~~~~~~~~~~~~~~~~~~~~~~~~~^^^^^^^^^^^^^
  File "C:\Users\admin\Desktop\wanasah\wanasah_backend\routes.py", line 116, in decorated_function
    return f(*args, **kwargs)
  File "C:\Users\admin\Desktop\wanasah\wanasah_backend\routes.py", line 496, in update_visit
    ).with_for_update().filter_by(id=visit_id).first_or_404()
                                               ~~~~~~~~~~~~^^
  File "C:\Users\admin\Desktop\wanasah\wanasah_backend\venv\Lib\site-packages\flask_sqlalchemy\query.py", line 46, in first_or_404
    abort(404, description=description)
    ~~~~~^^^^^^^^^^^^^^^^^^^^^^^^^^^^^^
  File "C:\Users\admin\Desktop\wanasah\wanasah_backend\venv\Lib\site-packages\flask\helpers.py", line 291, in abort
    current_app.aborter(code, *args, **kwargs)
    ~~~~~~~~~~~~~~~~~~~^^^^^^^^^^^^^^^^^^^^^^^
  File "C:\Users\admin\Desktop\wanasah\wanasah_backend\venv\Lib\site-packages\werkzeug\exceptions.py", line 887, in __call__
    raise self.mapping[code](*args, **kwargs)
werkzeug.exceptions.NotFound: 404 Not Found: The requested URL was not found on the server. If you entered the URL manually please check your spelling and try again.

C:\Users\admin\Desktop\wanasah\wanasah_backend\app.py:49
2026-05-10 06:45:58,462 - ERROR - حدث خطأ غير متوقع: 404 Not Found: The requested URL was not found on the server. If you entered the URL manually please check your spelling and try again.
Traceback (most recent call last):
  File "C:\Users\admin\Desktop\wanasah\wanasah_backend\venv\Lib\site-packages\flask\app.py", line 917, in full_dispatch_request
    rv = self.dispatch_request()
  File "C:\Users\admin\Desktop\wanasah\wanasah_backend\venv\Lib\site-packages\flask\app.py", line 902, in dispatch_request
    return self.ensure_sync(self.view_functions[rule.endpoint])(**view_args)  # type: ignore[no-any-return]
           ~~~~~~~~~~~~~~~~~~~~~~~~~~~~~~~~~~~~~~~~~~~~~~~~~~~~^^^^^^^^^^^^^
  File "C:\Users\admin\Desktop\wanasah\wanasah_backend\routes.py", line 116, in decorated_function
    return f(*args, **kwargs)
  File "C:\Users\admin\Desktop\wanasah\wanasah_backend\routes.py", line 496, in update_visit
    ).with_for_update().filter_by(id=visit_id).first_or_404()
                                               ~~~~~~~~~~~~^^
  File "C:\Users\admin\Desktop\wanasah\wanasah_backend\venv\Lib\site-packages\flask_sqlalchemy\query.py", line 46, in first_or_404
    abort(404, description=description)
    ~~~~~^^^^^^^^^^^^^^^^^^^^^^^^^^^^^^
  File "C:\Users\admin\Desktop\wanasah\wanasah_backend\venv\Lib\site-packages\flask\helpers.py", line 291, in abort
    current_app.aborter(code, *args, **kwargs)
    ~~~~~~~~~~~~~~~~~~~^^^^^^^^^^^^^^^^^^^^^^^
  File "C:\Users\admin\Desktop\wanasah\wanasah_backend\venv\Lib\site-packages\werkzeug\exceptions.py", line 887, in __call__
    raise self.mapping[code](*args, **kwargs)
werkzeug.exceptions.NotFound: 404 Not Found: The requested URL was not found on the server. If you entered the URL manually please check your spelling and try again.

C:\Users\admin\Desktop\wanasah\wanasah_backend\app.py:49
2026-05-10 06:46:03,155 - ERROR - حدث خطأ غير متوقع: 404 Not Found: The requested URL was not found on the server. If you entered the URL manually please check your spelling and try again.
Traceback (most recent call last):
  File "C:\Users\admin\Desktop\wanasah\wanasah_backend\venv\Lib\site-packages\flask\app.py", line 917, in full_dispatch_request
    rv = self.dispatch_request()
  File "C:\Users\admin\Desktop\wanasah\wanasah_backend\venv\Lib\site-packages\flask\app.py", line 902, in dispatch_request
    return self.ensure_sync(self.view_functions[rule.endpoint])(**view_args)  # type: ignore[no-any-return]
           ~~~~~~~~~~~~~~~~~~~~~~~~~~~~~~~~~~~~~~~~~~~~~~~~~~~~^^^^^^^^^^^^^
  File "C:\Users\admin\Desktop\wanasah\wanasah_backend\routes.py", line 116, in decorated_function
    return f(*args, **kwargs)
  File "C:\Users\admin\Desktop\wanasah\wanasah_backend\routes.py", line 496, in update_visit
    ).with_for_update().filter_by(id=visit_id).first_or_404()
                                               ~~~~~~~~~~~~^^
  File "C:\Users\admin\Desktop\wanasah\wanasah_backend\venv\Lib\site-packages\flask_sqlalchemy\query.py", line 46, in first_or_404
    abort(404, description=description)
    ~~~~~^^^^^^^^^^^^^^^^^^^^^^^^^^^^^^
  File "C:\Users\admin\Desktop\wanasah\wanasah_backend\venv\Lib\site-packages\flask\helpers.py", line 291, in abort
    current_app.aborter(code, *args, **kwargs)
    ~~~~~~~~~~~~~~~~~~~^^^^^^^^^^^^^^^^^^^^^^^
  File "C:\Users\admin\Desktop\wanasah\wanasah_backend\venv\Lib\site-packages\werkzeug\exceptions.py", line 887, in __call__
    raise self.mapping[code](*args, **kwargs)
werkzeug.exceptions.NotFound: 404 Not Found: The requested URL was not found on the server. If you entered the URL manually please check your spelling and try again.

C:\Users\admin\Desktop\wanasah\wanasah_backend\app.py:49
2026-05-10 06:46:04,184 - ERROR - حدث خطأ غير متوقع: 404 Not Found: The requested URL was not found on the server. If you entered the URL manually please check your spelling and try again.
Traceback (most recent call last):
  File "C:\Users\admin\Desktop\wanasah\wanasah_backend\venv\Lib\site-packages\flask\app.py", line 917, in full_dispatch_request
    rv = self.dispatch_request()
  File "C:\Users\admin\Desktop\wanasah\wanasah_backend\venv\Lib\site-packages\flask\app.py", line 902, in dispatch_request
    return self.ensure_sync(self.view_functions[rule.endpoint])(**view_args)  # type: ignore[no-any-return]
           ~~~~~~~~~~~~~~~~~~~~~~~~~~~~~~~~~~~~~~~~~~~~~~~~~~~~^^^^^^^^^^^^^
  File "C:\Users\admin\Desktop\wanasah\wanasah_backend\routes.py", line 116, in decorated_function
    return f(*args, **kwargs)
  File "C:\Users\admin\Desktop\wanasah\wanasah_backend\routes.py", line 496, in update_visit
    ).with_for_update().filter_by(id=visit_id).first_or_404()
                                               ~~~~~~~~~~~~^^
  File "C:\Users\admin\Desktop\wanasah\wanasah_backend\venv\Lib\site-packages\flask_sqlalchemy\query.py", line 46, in first_or_404
    abort(404, description=description)
    ~~~~~^^^^^^^^^^^^^^^^^^^^^^^^^^^^^^
  File "C:\Users\admin\Desktop\wanasah\wanasah_backend\venv\Lib\site-packages\flask\helpers.py", line 291, in abort
    current_app.aborter(code, *args, **kwargs)
    ~~~~~~~~~~~~~~~~~~~^^^^^^^^^^^^^^^^^^^^^^^
  File "C:\Users\admin\Desktop\wanasah\wanasah_backend\venv\Lib\site-packages\werkzeug\exceptions.py", line 887, in __call__
    raise self.mapping[code](*args, **kwargs)
werkzeug.exceptions.NotFound: 404 Not Found: The requested URL was not found on the server. If you entered the URL manually please check your spelling and try again.

C:\Users\admin\Desktop\wanasah\wanasah_backend\app.py:49
2026-05-10 06:46:23,392 - ERROR - حدث خطأ غير متوقع: 404 Not Found: The requested URL was not found on the server. If you entered the URL manually please check your spelling and try again.
Traceback (most recent call last):
  File "C:\Users\admin\Desktop\wanasah\wanasah_backend\venv\Lib\site-packages\flask\app.py", line 917, in full_dispatch_request
    rv = self.dispatch_request()
  File "C:\Users\admin\Desktop\wanasah\wanasah_backend\venv\Lib\site-packages\flask\app.py", line 902, in dispatch_request
    return self.ensure_sync(self.view_functions[rule.endpoint])(**view_args)  # type: ignore[no-any-return]
           ~~~~~~~~~~~~~~~~~~~~~~~~~~~~~~~~~~~~~~~~~~~~~~~~~~~~^^^^^^^^^^^^^
  File "C:\Users\admin\Desktop\wanasah\wanasah_backend\routes.py", line 116, in decorated_function
    return f(*args, **kwargs)
  File "C:\Users\admin\Desktop\wanasah\wanasah_backend\routes.py", line 496, in update_visit
    ).with_for_update().filter_by(id=visit_id).first_or_404()
                                               ~~~~~~~~~~~~^^
  File "C:\Users\admin\Desktop\wanasah\wanasah_backend\venv\Lib\site-packages\flask_sqlalchemy\query.py", line 46, in first_or_404
    abort(404, description=description)
    ~~~~~^^^^^^^^^^^^^^^^^^^^^^^^^^^^^^
  File "C:\Users\admin\Desktop\wanasah\wanasah_backend\venv\Lib\site-packages\flask\helpers.py", line 291, in abort
    current_app.aborter(code, *args, **kwargs)
    ~~~~~~~~~~~~~~~~~~~^^^^^^^^^^^^^^^^^^^^^^^
  File "C:\Users\admin\Desktop\wanasah\wanasah_backend\venv\Lib\site-packages\werkzeug\exceptions.py", line 887, in __call__
    raise self.mapping[code](*args, **kwargs)
werkzeug.exceptions.NotFound: 404 Not Found: The requested URL was not found on the server. If you entered the URL manually please check your spelling and try again.

C:\Users\admin\Desktop\wanasah\wanasah_backend\app.py:49
2026-05-10 06:46:25,517 - ERROR - حدث خطأ غير متوقع: 404 Not Found: The requested URL was not found on the server. If you entered the URL manually please check your spelling and try again.
Traceback (most recent call last):
  File "C:\Users\admin\Desktop\wanasah\wanasah_backend\venv\Lib\site-packages\flask\app.py", line 917, in full_dispatch_request
    rv = self.dispatch_request()
  File "C:\Users\admin\Desktop\wanasah\wanasah_backend\venv\Lib\site-packages\flask\app.py", line 902, in dispatch_request
    return self.ensure_sync(self.view_functions[rule.endpoint])(**view_args)  # type: ignore[no-any-return]
           ~~~~~~~~~~~~~~~~~~~~~~~~~~~~~~~~~~~~~~~~~~~~~~~~~~~~^^^^^^^^^^^^^
  File "C:\Users\admin\Desktop\wanasah\wanasah_backend\routes.py", line 116, in decorated_function
    return f(*args, **kwargs)
  File "C:\Users\admin\Desktop\wanasah\wanasah_backend\routes.py", line 496, in update_visit
    ).with_for_update().filter_by(id=visit_id).first_or_404()
                                               ~~~~~~~~~~~~^^
  File "C:\Users\admin\Desktop\wanasah\wanasah_backend\venv\Lib\site-packages\flask_sqlalchemy\query.py", line 46, in first_or_404
    abort(404, description=description)
    ~~~~~^^^^^^^^^^^^^^^^^^^^^^^^^^^^^^
  File "C:\Users\admin\Desktop\wanasah\wanasah_backend\venv\Lib\site-packages\flask\helpers.py", line 291, in abort
    current_app.aborter(code, *args, **kwargs)
    ~~~~~~~~~~~~~~~~~~~^^^^^^^^^^^^^^^^^^^^^^^
  File "C:\Users\admin\Desktop\wanasah\wanasah_backend\venv\Lib\site-packages\werkzeug\exceptions.py", line 887, in __call__
    raise self.mapping[code](*args, **kwargs)
werkzeug.exceptions.NotFound: 404 Not Found: The requested URL was not found on the server. If you entered the URL manually please check your spelling and try again.

C:\Users\admin\Desktop\wanasah\wanasah_backend\app.py:49
2026-05-10 06:48:31,005 - ERROR - حدث خطأ غير متوقع: 404 Not Found: The requested URL was not found on the server. If you entered the URL manually please check your spelling and try again.
Traceback (most recent call last):
  File "C:\Users\admin\Desktop\wanasah\wanasah_backend\venv\Lib\site-packages\flask\app.py", line 917, in full_dispatch_request
    rv = self.dispatch_request()
  File "C:\Users\admin\Desktop\wanasah\wanasah_backend\venv\Lib\site-packages\flask\app.py", line 902, in dispatch_request
    return self.ensure_sync(self.view_functions[rule.endpoint])(**view_args)  # type: ignore[no-any-return]
           ~~~~~~~~~~~~~~~~~~~~~~~~~~~~~~~~~~~~~~~~~~~~~~~~~~~~^^^^^^^^^^^^^
  File "C:\Users\admin\Desktop\wanasah\wanasah_backend\routes.py", line 116, in decorated_function
    return f(*args, **kwargs)
  File "C:\Users\admin\Desktop\wanasah\wanasah_backend\routes.py", line 496, in update_visit
    ).with_for_update().filter_by(id=visit_id).first_or_404()
                                               ~~~~~~~~~~~~^^
  File "C:\Users\admin\Desktop\wanasah\wanasah_backend\venv\Lib\site-packages\flask_sqlalchemy\query.py", line 46, in first_or_404
    abort(404, description=description)
    ~~~~~^^^^^^^^^^^^^^^^^^^^^^^^^^^^^^
  File "C:\Users\admin\Desktop\wanasah\wanasah_backend\venv\Lib\site-packages\flask\helpers.py", line 291, in abort
    current_app.aborter(code, *args, **kwargs)
    ~~~~~~~~~~~~~~~~~~~^^^^^^^^^^^^^^^^^^^^^^^
  File "C:\Users\admin\Desktop\wanasah\wanasah_backend\venv\Lib\site-packages\werkzeug\exceptions.py", line 887, in __call__
    raise self.mapping[code](*args, **kwargs)
werkzeug.exceptions.NotFound: 404 Not Found: The requested URL was not found on the server. If you entered the URL manually please check your spelling and try again.

C:\Users\admin\Desktop\wanasah\wanasah_backend\app.py:49
2026-05-10 06:48:31,696 - ERROR - حدث خطأ غير متوقع: 404 Not Found: The requested URL was not found on the server. If you entered the URL manually please check your spelling and try again.
Traceback (most recent call last):
  File "C:\Users\admin\Desktop\wanasah\wanasah_backend\venv\Lib\site-packages\flask\app.py", line 917, in full_dispatch_request
    rv = self.dispatch_request()
  File "C:\Users\admin\Desktop\wanasah\wanasah_backend\venv\Lib\site-packages\flask\app.py", line 902, in dispatch_request
    return self.ensure_sync(self.view_functions[rule.endpoint])(**view_args)  # type: ignore[no-any-return]
           ~~~~~~~~~~~~~~~~~~~~~~~~~~~~~~~~~~~~~~~~~~~~~~~~~~~~^^^^^^^^^^^^^
  File "C:\Users\admin\Desktop\wanasah\wanasah_backend\routes.py", line 116, in decorated_function
    return f(*args, **kwargs)
  File "C:\Users\admin\Desktop\wanasah\wanasah_backend\routes.py", line 496, in update_visit
    ).with_for_update().filter_by(id=visit_id).first_or_404()
                                               ~~~~~~~~~~~~^^
  File "C:\Users\admin\Desktop\wanasah\wanasah_backend\venv\Lib\site-packages\flask_sqlalchemy\query.py", line 46, in first_or_404
    abort(404, description=description)
    ~~~~~^^^^^^^^^^^^^^^^^^^^^^^^^^^^^^
  File "C:\Users\admin\Desktop\wanasah\wanasah_backend\venv\Lib\site-packages\flask\helpers.py", line 291, in abort
    current_app.aborter(code, *args, **kwargs)
    ~~~~~~~~~~~~~~~~~~~^^^^^^^^^^^^^^^^^^^^^^^
  File "C:\Users\admin\Desktop\wanasah\wanasah_backend\venv\Lib\site-packages\werkzeug\exceptions.py", line 887, in __call__
    raise self.mapping[code](*args, **kwargs)
werkzeug.exceptions.NotFound: 404 Not Found: The requested URL was not found on the server. If you entered the URL manually please check your spelling and try again.

C:\Users\admin\Desktop\wanasah\wanasah_backend\app.py:49
2026-05-10 06:48:39,186 - ERROR - حدث خطأ غير متوقع: 404 Not Found: The requested URL was not found on the server. If you entered the URL manually please check your spelling and try again.
Traceback (most recent call last):
  File "C:\Users\admin\Desktop\wanasah\wanasah_backend\venv\Lib\site-packages\flask\app.py", line 917, in full_dispatch_request
    rv = self.dispatch_request()
  File "C:\Users\admin\Desktop\wanasah\wanasah_backend\venv\Lib\site-packages\flask\app.py", line 902, in dispatch_request
    return self.ensure_sync(self.view_functions[rule.endpoint])(**view_args)  # type: ignore[no-any-return]
           ~~~~~~~~~~~~~~~~~~~~~~~~~~~~~~~~~~~~~~~~~~~~~~~~~~~~^^^^^^^^^^^^^
  File "C:\Users\admin\Desktop\wanasah\wanasah_backend\routes.py", line 116, in decorated_function
    return f(*args, **kwargs)
  File "C:\Users\admin\Desktop\wanasah\wanasah_backend\routes.py", line 496, in update_visit
    ).with_for_update().filter_by(id=visit_id).first_or_404()
                                               ~~~~~~~~~~~~^^
  File "C:\Users\admin\Desktop\wanasah\wanasah_backend\venv\Lib\site-packages\flask_sqlalchemy\query.py", line 46, in first_or_404
    abort(404, description=description)
    ~~~~~^^^^^^^^^^^^^^^^^^^^^^^^^^^^^^
  File "C:\Users\admin\Desktop\wanasah\wanasah_backend\venv\Lib\site-packages\flask\helpers.py", line 291, in abort
    current_app.aborter(code, *args, **kwargs)
    ~~~~~~~~~~~~~~~~~~~^^^^^^^^^^^^^^^^^^^^^^^
  File "C:\Users\admin\Desktop\wanasah\wanasah_backend\venv\Lib\site-packages\werkzeug\exceptions.py", line 887, in __call__
    raise self.mapping[code](*args, **kwargs)
werkzeug.exceptions.NotFound: 404 Not Found: The requested URL was not found on the server. If you entered the URL manually please check your spelling and try again.

C:\Users\admin\Desktop\wanasah\wanasah_backend\app.py:49
2026-05-10 06:48:43,576 - ERROR - حدث خطأ غير متوقع: 404 Not Found: The requested URL was not found on the server. If you entered the URL manually please check your spelling and try again.
Traceback (most recent call last):
  File "C:\Users\admin\Desktop\wanasah\wanasah_backend\venv\Lib\site-packages\flask\app.py", line 917, in full_dispatch_request
    rv = self.dispatch_request()
  File "C:\Users\admin\Desktop\wanasah\wanasah_backend\venv\Lib\site-packages\flask\app.py", line 902, in dispatch_request
    return self.ensure_sync(self.view_functions[rule.endpoint])(**view_args)  # type: ignore[no-any-return]
           ~~~~~~~~~~~~~~~~~~~~~~~~~~~~~~~~~~~~~~~~~~~~~~~~~~~~^^^^^^^^^^^^^
  File "C:\Users\admin\Desktop\wanasah\wanasah_backend\routes.py", line 116, in decorated_function
    return f(*args, **kwargs)
  File "C:\Users\admin\Desktop\wanasah\wanasah_backend\routes.py", line 496, in update_visit
    ).with_for_update().filter_by(id=visit_id).first_or_404()
                                               ~~~~~~~~~~~~^^
  File "C:\Users\admin\Desktop\wanasah\wanasah_backend\venv\Lib\site-packages\flask_sqlalchemy\query.py", line 46, in first_or_404
    abort(404, description=description)
    ~~~~~^^^^^^^^^^^^^^^^^^^^^^^^^^^^^^
  File "C:\Users\admin\Desktop\wanasah\wanasah_backend\venv\Lib\site-packages\flask\helpers.py", line 291, in abort
    current_app.aborter(code, *args, **kwargs)
    ~~~~~~~~~~~~~~~~~~~^^^^^^^^^^^^^^^^^^^^^^^
  File "C:\Users\admin\Desktop\wanasah\wanasah_backend\venv\Lib\site-packages\werkzeug\exceptions.py", line 887, in __call__
    raise self.mapping[code](*args, **kwargs)
werkzeug.exceptions.NotFound: 404 Not Found: The requested URL was not found on the server. If you entered the URL manually please check your spelling and try again.

C:\Users\admin\Desktop\wanasah\wanasah_backend\app.py:49
2026-05-10 06:52:53,263 - ERROR - حدث خطأ غير متوقع: 404 Not Found: The requested URL was not found on the server. If you entered the URL manually please check your spelling and try again.
Traceback (most recent call last):
  File "C:\Users\admin\Desktop\wanasah\wanasah_backend\venv\Lib\site-packages\flask\app.py", line 917, in full_dispatch_request
    rv = self.dispatch_request()
  File "C:\Users\admin\Desktop\wanasah\wanasah_backend\venv\Lib\site-packages\flask\app.py", line 902, in dispatch_request
    return self.ensure_sync(self.view_functions[rule.endpoint])(**view_args)  # type: ignore[no-any-return]
           ~~~~~~~~~~~~~~~~~~~~~~~~~~~~~~~~~~~~~~~~~~~~~~~~~~~~^^^^^^^^^^^^^
  File "C:\Users\admin\Desktop\wanasah\wanasah_backend\routes.py", line 116, in decorated_function
    return f(*args, **kwargs)
  File "C:\Users\admin\Desktop\wanasah\wanasah_backend\routes.py", line 496, in update_visit
    ).with_for_update().filter_by(id=visit_id).first_or_404()
                                               ~~~~~~~~~~~~^^
  File "C:\Users\admin\Desktop\wanasah\wanasah_backend\venv\Lib\site-packages\flask_sqlalchemy\query.py", line 46, in first_or_404
    abort(404, description=description)
    ~~~~~^^^^^^^^^^^^^^^^^^^^^^^^^^^^^^
  File "C:\Users\admin\Desktop\wanasah\wanasah_backend\venv\Lib\site-packages\flask\helpers.py", line 291, in abort
    current_app.aborter(code, *args, **kwargs)
    ~~~~~~~~~~~~~~~~~~~^^^^^^^^^^^^^^^^^^^^^^^
  File "C:\Users\admin\Desktop\wanasah\wanasah_backend\venv\Lib\site-packages\werkzeug\exceptions.py", line 887, in __call__
    raise self.mapping[code](*args, **kwargs)
werkzeug.exceptions.NotFound: 404 Not Found: The requested URL was not found on the server. If you entered the URL manually please check your spelling and try again.

C:\Users\admin\Desktop\wanasah\wanasah_backend\app.py:49
2026-05-10 06:53:55,440 - ERROR - حدث خطأ غير متوقع: 404 Not Found: The requested URL was not found on the server. If you entered the URL manually please check your spelling and try again.
Traceback (most recent call last):
  File "C:\Users\admin\Desktop\wanasah\wanasah_backend\venv\Lib\site-packages\flask\app.py", line 917, in full_dispatch_request
    rv = self.dispatch_request()
  File "C:\Users\admin\Desktop\wanasah\wanasah_backend\venv\Lib\site-packages\flask\app.py", line 902, in dispatch_request
    return self.ensure_sync(self.view_functions[rule.endpoint])(**view_args)  # type: ignore[no-any-return]
           ~~~~~~~~~~~~~~~~~~~~~~~~~~~~~~~~~~~~~~~~~~~~~~~~~~~~^^^^^^^^^^^^^
  File "C:\Users\admin\Desktop\wanasah\wanasah_backend\routes.py", line 116, in decorated_function
    return f(*args, **kwargs)
  File "C:\Users\admin\Desktop\wanasah\wanasah_backend\routes.py", line 496, in update_visit
    ).with_for_update().filter_by(id=visit_id).first_or_404()
                                               ~~~~~~~~~~~~^^
  File "C:\Users\admin\Desktop\wanasah\wanasah_backend\venv\Lib\site-packages\flask_sqlalchemy\query.py", line 46, in first_or_404
    abort(404, description=description)
    ~~~~~^^^^^^^^^^^^^^^^^^^^^^^^^^^^^^
  File "C:\Users\admin\Desktop\wanasah\wanasah_backend\venv\Lib\site-packages\flask\helpers.py", line 291, in abort
    current_app.aborter(code, *args, **kwargs)
    ~~~~~~~~~~~~~~~~~~~^^^^^^^^^^^^^^^^^^^^^^^
  File "C:\Users\admin\Desktop\wanasah\wanasah_backend\venv\Lib\site-packages\werkzeug\exceptions.py", line 887, in __call__
    raise self.mapping[code](*args, **kwargs)
werkzeug.exceptions.NotFound: 404 Not Found: The requested URL was not found on the server. If you entered the URL manually please check your spelling and try again.

C:\Users\admin\Desktop\wanasah\wanasah_backend\app.py:49
