2026-07-27 22:13:23,821 - ERROR - خطأ في العملية: (sqlalchemy.dialects.postgresql.asyncpg.IntegrityError) <class 'asyncpg.exceptions.NotNullViolationError'>: null value in column "balance_before_packs" of relation "warehouse_ledger" violates not-null constraint
DETAIL:  Failing row contains (207, 3, HANDSHAKE_COMMIT, 500, null, 116, 3, TRANS_1, موافقة المندوب: تحرير المحجوز للعه..., 2026-07-27 19:13:23.817741).
[SQL: INSERT INTO warehouse_ledger (product_variant_id, transaction_type, quantity_packs, balance_before_packs, balance_after_packs, admin_id, reference_id, notes, created_at) VALUES ($1::INTEGER, $2::VARCHAR, $3::INTEGER, $4::INTEGER, $5::INTEGER, $6::INTEGER, $7::VARCHAR, $8::VARCHAR, $9::TIMESTAMP WITHOUT TIME ZONE) RETURNING warehouse_ledger.id]
[parameters: (3, 'HANDSHAKE_COMMIT', 500, None, 116, 3, 'TRANS_1', 'موافقة المندوب: تحرير المحجوز للعهدة الفردية. (المحجوز المتبقي: 0)', datetime.datetime(2026, 7, 27, 19, 13, 23, 817741))]
(Background on this error at: https://sqlalche.me/e/20/gkpj)
Traceback (most recent call last):
  File "C:\Users\admin\Desktop\wanasah\wa_backend\venv\Lib\site-packages\sqlalchemy\dialects\postgresql\asyncpg.py", line 538, in _prepare_and_execute
    self._rows = await prepared_stmt.fetch(*parameters)
                 ^^^^^^^^^^^^^^^^^^^^^^^^^^^^^^^^^^^^^^
  File "C:\Users\admin\Desktop\wanasah\wa_backend\venv\Lib\site-packages\asyncpg\prepared_stmt.py", line 176, in fetch
    data = await self.__bind_execute(args, 0, timeout)
           ^^^^^^^^^^^^^^^^^^^^^^^^^^^^^^^^^^^^^^^^^^^
  File "C:\Users\admin\Desktop\wanasah\wa_backend\venv\Lib\site-packages\asyncpg\prepared_stmt.py", line 241, in __bind_execute
    data, status, _ = await self.__do_execute(
                      ^^^^^^^^^^^^^^^^^^^^^^^^
  File "C:\Users\admin\Desktop\wanasah\wa_backend\venv\Lib\site-packages\asyncpg\prepared_stmt.py", line 230, in __do_execute
    return await executor(protocol)
           ^^^^^^^^^^^^^^^^^^^^^^^^
  File "asyncpg\protocol\protocol.pyx", line 207, in bind_execute
asyncpg.exceptions.NotNullViolationError: null value in column "balance_before_packs" of relation "warehouse_ledger" violates not-null constraint
DETAIL:  Failing row contains (207, 3, HANDSHAKE_COMMIT, 500, null, 116, 3, TRANS_1, موافقة المندوب: تحرير المحجوز للعه..., 2026-07-27 19:13:23.817741).

The above exception was the direct cause of the following exception:

Traceback (most recent call last):
  File "C:\Users\admin\Desktop\wanasah\wa_backend\venv\Lib\site-packages\sqlalchemy\engine\base.py", line 1967, in _exec_single_context
    self.dialect.do_execute(
  File "C:\Users\admin\Desktop\wanasah\wa_backend\venv\Lib\site-packages\sqlalchemy\engine\default.py", line 924, in do_execute
    cursor.execute(statement, parameters)
  File "C:\Users\admin\Desktop\wanasah\wa_backend\venv\Lib\site-packages\sqlalchemy\dialects\postgresql\asyncpg.py", line 572, in execute
    self._adapt_connection.await_(
  File "C:\Users\admin\Desktop\wanasah\wa_backend\venv\Lib\site-packages\sqlalchemy\util\_concurrency_py3k.py", line 131, in await_only
    return current.driver.switch(awaitable)  # type: ignore[no-any-return]
           ^^^^^^^^^^^^^^^^^^^^^^^^^^^^^^^^
  File "C:\Users\admin\Desktop\wanasah\wa_backend\venv\Lib\site-packages\sqlalchemy\util\_concurrency_py3k.py", line 196, in greenlet_spawn
    value = await result
            ^^^^^^^^^^^^
  File "C:\Users\admin\Desktop\wanasah\wa_backend\venv\Lib\site-packages\sqlalchemy\dialects\postgresql\asyncpg.py", line 550, in _prepare_and_execute
    self._handle_exception(error)
  File "C:\Users\admin\Desktop\wanasah\wa_backend\venv\Lib\site-packages\sqlalchemy\dialects\postgresql\asyncpg.py", line 501, in _handle_exception
    self._adapt_connection._handle_exception(error)
  File "C:\Users\admin\Desktop\wanasah\wa_backend\venv\Lib\site-packages\sqlalchemy\dialects\postgresql\asyncpg.py", line 789, in _handle_exception
    raise translated_error from error
sqlalchemy.dialects.postgresql.asyncpg.AsyncAdapt_asyncpg_dbapi.IntegrityError: <class 'asyncpg.exceptions.NotNullViolationError'>: null value in column "balance_before_packs" of relation "warehouse_ledger" violates not-null constraint
DETAIL:  Failing row contains (207, 3, HANDSHAKE_COMMIT, 500, null, 116, 3, TRANS_1, موافقة المندوب: تحرير المحجوز للعه..., 2026-07-27 19:13:23.817741).

The above exception was the direct cause of the following exception:

Traceback (most recent call last):
  File "C:\Users\admin\Desktop\wanasah\wa_backend\api\driver.py", line 1025, in respond_to_transfer
    await db.flush()
  File "C:\Users\admin\Desktop\wanasah\wa_backend\venv\Lib\site-packages\sqlalchemy\ext\asyncio\session.py", line 800, in flush
    await greenlet_spawn(self.sync_session.flush, objects=objects)
  File "C:\Users\admin\Desktop\wanasah\wa_backend\venv\Lib\site-packages\sqlalchemy\util\_concurrency_py3k.py", line 203, in greenlet_spawn
    result = context.switch(value)
             ^^^^^^^^^^^^^^^^^^^^^
  File "C:\Users\admin\Desktop\wanasah\wa_backend\venv\Lib\site-packages\sqlalchemy\orm\session.py", line 4341, in flush
    self._flush(objects)
  File "C:\Users\admin\Desktop\wanasah\wa_backend\venv\Lib\site-packages\sqlalchemy\orm\session.py", line 4476, in _flush
    with util.safe_reraise():
         ^^^^^^^^^^^^^^^^^^^
  File "C:\Users\admin\Desktop\wanasah\wa_backend\venv\Lib\site-packages\sqlalchemy\util\langhelpers.py", line 146, in __exit__
    raise exc_value.with_traceback(exc_tb)
  File "C:\Users\admin\Desktop\wanasah\wa_backend\venv\Lib\site-packages\sqlalchemy\orm\session.py", line 4437, in _flush
    flush_context.execute()
  File "C:\Users\admin\Desktop\wanasah\wa_backend\venv\Lib\site-packages\sqlalchemy\orm\unitofwork.py", line 466, in execute
    rec.execute(self)
  File "C:\Users\admin\Desktop\wanasah\wa_backend\venv\Lib\site-packages\sqlalchemy\orm\unitofwork.py", line 642, in execute
    util.preloaded.orm_persistence.save_obj(
  File "C:\Users\admin\Desktop\wanasah\wa_backend\venv\Lib\site-packages\sqlalchemy\orm\persistence.py", line 93, in save_obj
    _emit_insert_statements(
  File "C:\Users\admin\Desktop\wanasah\wa_backend\venv\Lib\site-packages\sqlalchemy\orm\persistence.py", line 1233, in _emit_insert_statements
    result = connection.execute(
             ^^^^^^^^^^^^^^^^^^^
  File "C:\Users\admin\Desktop\wanasah\wa_backend\venv\Lib\site-packages\sqlalchemy\engine\base.py", line 1418, in execute
    return meth(
           ^^^^^
  File "C:\Users\admin\Desktop\wanasah\wa_backend\venv\Lib\site-packages\sqlalchemy\sql\elements.py", line 515, in _execute_on_connection
    return connection._execute_clauseelement(
           ^^^^^^^^^^^^^^^^^^^^^^^^^^^^^^^^^^
  File "C:\Users\admin\Desktop\wanasah\wa_backend\venv\Lib\site-packages\sqlalchemy\engine\base.py", line 1640, in _execute_clauseelement
    ret = self._execute_context(
          ^^^^^^^^^^^^^^^^^^^^^^
  File "C:\Users\admin\Desktop\wanasah\wa_backend\venv\Lib\site-packages\sqlalchemy\engine\base.py", line 1846, in _execute_context
    return self._exec_single_context(
           ^^^^^^^^^^^^^^^^^^^^^^^^^^
  File "C:\Users\admin\Desktop\wanasah\wa_backend\venv\Lib\site-packages\sqlalchemy\engine\base.py", line 1986, in _exec_single_context
    self._handle_dbapi_exception(
  File "C:\Users\admin\Desktop\wanasah\wa_backend\venv\Lib\site-packages\sqlalchemy\engine\base.py", line 2353, in _handle_dbapi_exception
    raise sqlalchemy_exception.with_traceback(exc_info[2]) from e
  File "C:\Users\admin\Desktop\wanasah\wa_backend\venv\Lib\site-packages\sqlalchemy\engine\base.py", line 1967, in _exec_single_context
    self.dialect.do_execute(
  File "C:\Users\admin\Desktop\wanasah\wa_backend\venv\Lib\site-packages\sqlalchemy\engine\default.py", line 924, in do_execute
    cursor.execute(statement, parameters)
  File "C:\Users\admin\Desktop\wanasah\wa_backend\venv\Lib\site-packages\sqlalchemy\dialects\postgresql\asyncpg.py", line 572, in execute
    self._adapt_connection.await_(
  File "C:\Users\admin\Desktop\wanasah\wa_backend\venv\Lib\site-packages\sqlalchemy\util\_concurrency_py3k.py", line 131, in await_only
    return current.driver.switch(awaitable)  # type: ignore[no-any-return]
           ^^^^^^^^^^^^^^^^^^^^^^^^^^^^^^^^
  File "C:\Users\admin\Desktop\wanasah\wa_backend\venv\Lib\site-packages\sqlalchemy\util\_concurrency_py3k.py", line 196, in greenlet_spawn
    value = await result
            ^^^^^^^^^^^^
  File "C:\Users\admin\Desktop\wanasah\wa_backend\venv\Lib\site-packages\sqlalchemy\dialects\postgresql\asyncpg.py", line 550, in _prepare_and_execute
    self._handle_exception(error)
  File "C:\Users\admin\Desktop\wanasah\wa_backend\venv\Lib\site-packages\sqlalchemy\dialects\postgresql\asyncpg.py", line 501, in _handle_exception
    self._adapt_connection._handle_exception(error)
  File "C:\Users\admin\Desktop\wanasah\wa_backend\venv\Lib\site-packages\sqlalchemy\dialects\postgresql\asyncpg.py", line 789, in _handle_exception
    raise translated_error from error
sqlalchemy.exc.IntegrityError: (sqlalchemy.dialects.postgresql.asyncpg.IntegrityError) <class 'asyncpg.exceptions.NotNullViolationError'>: null value in column "balance_before_packs" of relation "warehouse_ledger" violates not-null constraint
DETAIL:  Failing row contains (207, 3, HANDSHAKE_COMMIT, 500, null, 116, 3, TRANS_1, موافقة المندوب: تحرير المحجوز للعه..., 2026-07-27 19:13:23.817741).
[SQL: INSERT INTO warehouse_ledger (product_variant_id, transaction_type, quantity_packs, balance_before_packs, balance_after_packs, admin_id, reference_id, notes, created_at) VALUES ($1::INTEGER, $2::VARCHAR, $3::INTEGER, $4::INTEGER, $5::INTEGER, $6::INTEGER, $7::VARCHAR, $8::VARCHAR, $9::TIMESTAMP WITHOUT TIME ZONE) RETURNING warehouse_ledger.id]
[parameters: (3, 'HANDSHAKE_COMMIT', 500, None, 116, 3, 'TRANS_1', 'موافقة المندوب: تحرير المحجوز للعهدة الفردية. (المحجوز المتبقي: 0)', datetime.datetime(2026, 7, 27, 19, 13, 23, 817741))]
(Background on this error at: https://sqlalche.me/e/20/gkpj)
2026-07-27 22:13:23,905 - ERROR - خطأ في العملية: (sqlalchemy.dialects.postgresql.asyncpg.IntegrityError) <class 'asyncpg.exceptions.NotNullViolationError'>: null value in column "balance_before_packs" of relation "warehouse_ledger" violates not-null constraint
DETAIL:  Failing row contains (208, 4, HANDSHAKE_COMMIT_PULL, 60, null, 546, 3, TRANS_2, موافقة المندوب: استرجاع بضاعة مسحو..., 2026-07-27 19:13:23.903265).
[SQL: INSERT INTO warehouse_ledger (product_variant_id, transaction_type, quantity_packs, balance_before_packs, balance_after_packs, admin_id, reference_id, notes, created_at) VALUES ($1::INTEGER, $2::VARCHAR, $3::INTEGER, $4::INTEGER, $5::INTEGER, $6::INTEGER, $7::VARCHAR, $8::VARCHAR, $9::TIMESTAMP WITHOUT TIME ZONE) RETURNING warehouse_ledger.id]
[parameters: (4, 'HANDSHAKE_COMMIT_PULL', 60, None, 546, 3, 'TRANS_2', 'موافقة المندوب: استرجاع بضاعة مسحوبة للمستودع الفردي المتاح. (المحجوز الحالي: 0)', datetime.datetime(2026, 7, 27, 19, 13, 23, 903265))]
(Background on this error at: https://sqlalche.me/e/20/gkpj)
Traceback (most recent call last):
  File "C:\Users\admin\Desktop\wanasah\wa_backend\venv\Lib\site-packages\sqlalchemy\dialects\postgresql\asyncpg.py", line 538, in _prepare_and_execute
    self._rows = await prepared_stmt.fetch(*parameters)
                 ^^^^^^^^^^^^^^^^^^^^^^^^^^^^^^^^^^^^^^
  File "C:\Users\admin\Desktop\wanasah\wa_backend\venv\Lib\site-packages\asyncpg\prepared_stmt.py", line 176, in fetch
    data = await self.__bind_execute(args, 0, timeout)
           ^^^^^^^^^^^^^^^^^^^^^^^^^^^^^^^^^^^^^^^^^^^
  File "C:\Users\admin\Desktop\wanasah\wa_backend\venv\Lib\site-packages\asyncpg\prepared_stmt.py", line 241, in __bind_execute
    data, status, _ = await self.__do_execute(
                      ^^^^^^^^^^^^^^^^^^^^^^^^
  File "C:\Users\admin\Desktop\wanasah\wa_backend\venv\Lib\site-packages\asyncpg\prepared_stmt.py", line 230, in __do_execute
    return await executor(protocol)
           ^^^^^^^^^^^^^^^^^^^^^^^^
  File "asyncpg\protocol\protocol.pyx", line 207, in bind_execute
asyncpg.exceptions.NotNullViolationError: null value in column "balance_before_packs" of relation "warehouse_ledger" violates not-null constraint
DETAIL:  Failing row contains (208, 4, HANDSHAKE_COMMIT_PULL, 60, null, 546, 3, TRANS_2, موافقة المندوب: استرجاع بضاعة مسحو..., 2026-07-27 19:13:23.903265).

The above exception was the direct cause of the following exception:

Traceback (most recent call last):
  File "C:\Users\admin\Desktop\wanasah\wa_backend\venv\Lib\site-packages\sqlalchemy\engine\base.py", line 1967, in _exec_single_context
    self.dialect.do_execute(
  File "C:\Users\admin\Desktop\wanasah\wa_backend\venv\Lib\site-packages\sqlalchemy\engine\default.py", line 924, in do_execute
    cursor.execute(statement, parameters)
  File "C:\Users\admin\Desktop\wanasah\wa_backend\venv\Lib\site-packages\sqlalchemy\dialects\postgresql\asyncpg.py", line 572, in execute
    self._adapt_connection.await_(
  File "C:\Users\admin\Desktop\wanasah\wa_backend\venv\Lib\site-packages\sqlalchemy\util\_concurrency_py3k.py", line 131, in await_only
    return current.driver.switch(awaitable)  # type: ignore[no-any-return]
           ^^^^^^^^^^^^^^^^^^^^^^^^^^^^^^^^
  File "C:\Users\admin\Desktop\wanasah\wa_backend\venv\Lib\site-packages\sqlalchemy\util\_concurrency_py3k.py", line 196, in greenlet_spawn
    value = await result
            ^^^^^^^^^^^^
  File "C:\Users\admin\Desktop\wanasah\wa_backend\venv\Lib\site-packages\sqlalchemy\dialects\postgresql\asyncpg.py", line 550, in _prepare_and_execute
    self._handle_exception(error)
  File "C:\Users\admin\Desktop\wanasah\wa_backend\venv\Lib\site-packages\sqlalchemy\dialects\postgresql\asyncpg.py", line 501, in _handle_exception
    self._adapt_connection._handle_exception(error)
  File "C:\Users\admin\Desktop\wanasah\wa_backend\venv\Lib\site-packages\sqlalchemy\dialects\postgresql\asyncpg.py", line 789, in _handle_exception
    raise translated_error from error
sqlalchemy.dialects.postgresql.asyncpg.AsyncAdapt_asyncpg_dbapi.IntegrityError: <class 'asyncpg.exceptions.NotNullViolationError'>: null value in column "balance_before_packs" of relation "warehouse_ledger" violates not-null constraint
DETAIL:  Failing row contains (208, 4, HANDSHAKE_COMMIT_PULL, 60, null, 546, 3, TRANS_2, موافقة المندوب: استرجاع بضاعة مسحو..., 2026-07-27 19:13:23.903265).

The above exception was the direct cause of the following exception:

Traceback (most recent call last):
  File "C:\Users\admin\Desktop\wanasah\wa_backend\api\driver.py", line 1025, in respond_to_transfer
    await db.flush()
  File "C:\Users\admin\Desktop\wanasah\wa_backend\venv\Lib\site-packages\sqlalchemy\ext\asyncio\session.py", line 800, in flush
    await greenlet_spawn(self.sync_session.flush, objects=objects)
  File "C:\Users\admin\Desktop\wanasah\wa_backend\venv\Lib\site-packages\sqlalchemy\util\_concurrency_py3k.py", line 203, in greenlet_spawn
    result = context.switch(value)
             ^^^^^^^^^^^^^^^^^^^^^
  File "C:\Users\admin\Desktop\wanasah\wa_backend\venv\Lib\site-packages\sqlalchemy\orm\session.py", line 4341, in flush
    self._flush(objects)
  File "C:\Users\admin\Desktop\wanasah\wa_backend\venv\Lib\site-packages\sqlalchemy\orm\session.py", line 4476, in _flush
    with util.safe_reraise():
         ^^^^^^^^^^^^^^^^^^^
  File "C:\Users\admin\Desktop\wanasah\wa_backend\venv\Lib\site-packages\sqlalchemy\util\langhelpers.py", line 146, in __exit__
    raise exc_value.with_traceback(exc_tb)
  File "C:\Users\admin\Desktop\wanasah\wa_backend\venv\Lib\site-packages\sqlalchemy\orm\session.py", line 4437, in _flush
    flush_context.execute()
  File "C:\Users\admin\Desktop\wanasah\wa_backend\venv\Lib\site-packages\sqlalchemy\orm\unitofwork.py", line 466, in execute
    rec.execute(self)
  File "C:\Users\admin\Desktop\wanasah\wa_backend\venv\Lib\site-packages\sqlalchemy\orm\unitofwork.py", line 642, in execute
    util.preloaded.orm_persistence.save_obj(
  File "C:\Users\admin\Desktop\wanasah\wa_backend\venv\Lib\site-packages\sqlalchemy\orm\persistence.py", line 93, in save_obj
    _emit_insert_statements(
  File "C:\Users\admin\Desktop\wanasah\wa_backend\venv\Lib\site-packages\sqlalchemy\orm\persistence.py", line 1233, in _emit_insert_statements
    result = connection.execute(
             ^^^^^^^^^^^^^^^^^^^
  File "C:\Users\admin\Desktop\wanasah\wa_backend\venv\Lib\site-packages\sqlalchemy\engine\base.py", line 1418, in execute
    return meth(
           ^^^^^
  File "C:\Users\admin\Desktop\wanasah\wa_backend\venv\Lib\site-packages\sqlalchemy\sql\elements.py", line 515, in _execute_on_connection
    return connection._execute_clauseelement(
           ^^^^^^^^^^^^^^^^^^^^^^^^^^^^^^^^^^
  File "C:\Users\admin\Desktop\wanasah\wa_backend\venv\Lib\site-packages\sqlalchemy\engine\base.py", line 1640, in _execute_clauseelement
    ret = self._execute_context(
          ^^^^^^^^^^^^^^^^^^^^^^
  File "C:\Users\admin\Desktop\wanasah\wa_backend\venv\Lib\site-packages\sqlalchemy\engine\base.py", line 1846, in _execute_context
    return self._exec_single_context(
           ^^^^^^^^^^^^^^^^^^^^^^^^^^
  File "C:\Users\admin\Desktop\wanasah\wa_backend\venv\Lib\site-packages\sqlalchemy\engine\base.py", line 1986, in _exec_single_context
    self._handle_dbapi_exception(
  File "C:\Users\admin\Desktop\wanasah\wa_backend\venv\Lib\site-packages\sqlalchemy\engine\base.py", line 2353, in _handle_dbapi_exception
    raise sqlalchemy_exception.with_traceback(exc_info[2]) from e
  File "C:\Users\admin\Desktop\wanasah\wa_backend\venv\Lib\site-packages\sqlalchemy\engine\base.py", line 1967, in _exec_single_context
    self.dialect.do_execute(
  File "C:\Users\admin\Desktop\wanasah\wa_backend\venv\Lib\site-packages\sqlalchemy\engine\default.py", line 924, in do_execute
    cursor.execute(statement, parameters)
  File "C:\Users\admin\Desktop\wanasah\wa_backend\venv\Lib\site-packages\sqlalchemy\dialects\postgresql\asyncpg.py", line 572, in execute
    self._adapt_connection.await_(
  File "C:\Users\admin\Desktop\wanasah\wa_backend\venv\Lib\site-packages\sqlalchemy\util\_concurrency_py3k.py", line 131, in await_only
    return current.driver.switch(awaitable)  # type: ignore[no-any-return]
           ^^^^^^^^^^^^^^^^^^^^^^^^^^^^^^^^
  File "C:\Users\admin\Desktop\wanasah\wa_backend\venv\Lib\site-packages\sqlalchemy\util\_concurrency_py3k.py", line 196, in greenlet_spawn
    value = await result
            ^^^^^^^^^^^^
  File "C:\Users\admin\Desktop\wanasah\wa_backend\venv\Lib\site-packages\sqlalchemy\dialects\postgresql\asyncpg.py", line 550, in _prepare_and_execute
    self._handle_exception(error)
  File "C:\Users\admin\Desktop\wanasah\wa_backend\venv\Lib\site-packages\sqlalchemy\dialects\postgresql\asyncpg.py", line 501, in _handle_exception
    self._adapt_connection._handle_exception(error)
  File "C:\Users\admin\Desktop\wanasah\wa_backend\venv\Lib\site-packages\sqlalchemy\dialects\postgresql\asyncpg.py", line 789, in _handle_exception
    raise translated_error from error
sqlalchemy.exc.IntegrityError: (sqlalchemy.dialects.postgresql.asyncpg.IntegrityError) <class 'asyncpg.exceptions.NotNullViolationError'>: null value in column "balance_before_packs" of relation "warehouse_ledger" violates not-null constraint
DETAIL:  Failing row contains (208, 4, HANDSHAKE_COMMIT_PULL, 60, null, 546, 3, TRANS_2, موافقة المندوب: استرجاع بضاعة مسحو..., 2026-07-27 19:13:23.903265).
[SQL: INSERT INTO warehouse_ledger (product_variant_id, transaction_type, quantity_packs, balance_before_packs, balance_after_packs, admin_id, reference_id, notes, created_at) VALUES ($1::INTEGER, $2::VARCHAR, $3::INTEGER, $4::INTEGER, $5::INTEGER, $6::INTEGER, $7::VARCHAR, $8::VARCHAR, $9::TIMESTAMP WITHOUT TIME ZONE) RETURNING warehouse_ledger.id]
[parameters: (4, 'HANDSHAKE_COMMIT_PULL', 60, None, 546, 3, 'TRANS_2', 'موافقة المندوب: استرجاع بضاعة مسحوبة للمستودع الفردي المتاح. (المحجوز الحالي: 0)', datetime.datetime(2026, 7, 27, 19, 13, 23, 903265))]
(Background on this error at: https://sqlalche.me/e/20/gkpj)
